// Jest Snapshot v1, https://goo.gl/fbAQLP

exports[`Popover component test snapshot renders correctly 1`] = `
<span
  onClick={[Function]}
  onMouseDown={[Function]}
  onTouchStart={[Function]}
/>
`;
